22/12/2023 18:25:26 INFO : |Clase:org.springframework.boot.StartupInfoLogger| |Metodo:logStarting| |Linea: 55| Starting CloudbedsBatchCrApplication using Java 1.8.0_202 on Hugo-PC with PID 18888 (C:\Proyectos\AgTech\cloudbeds-batch\target\classes started by Lenovo in C:\Proyectos\AgTech\cloudbeds-batch)
22/12/2023 18:25:26 INFO : |Clase:org.springframework.boot.SpringApplication| |Metodo:logStartupProfileInfo| |Linea: 637| The following 1 profile is active: "dev"
22/12/2023 18:25:27 INFO : |Clase:org.springframework.data.repository.config.RepositoryConfigurationDelegate| |Metodo:registerRepositoriesIn| |Linea: 132| Bootstrapping Spring Data JPA repositories in DEFAULT mode.
22/12/2023 18:25:27 INFO : |Clase:org.springframework.data.repository.config.RepositoryConfigurationDelegate| |Metodo:registerRepositoriesIn| |Linea: 201| Finished Spring Data repository scanning in 69 ms. Found 5 JPA repository interfaces.
22/12/2023 18:25:28 INFO : |Clase:org.springframework.boot.web.embedded.tomcat.TomcatWebServer| |Metodo:initialize| |Linea: 108| Tomcat initialized with port(s): 8050 (http)
22/12/2023 18:25:29 INFO : |Clase:org.springframework.boot.web.servlet.context.ServletWebServerApplicationContext| |Metodo:prepareWebApplicationContext| |Linea: 292| Root WebApplicationContext: initialization completed in 2335 ms
22/12/2023 18:25:29 INFO : |Clase:org.hibernate.jpa.internal.util.LogHelper| |Metodo:logPersistenceUnitInformation| |Linea: 31| HHH000204: Processing PersistenceUnitInfo [name: default]
22/12/2023 18:25:29 INFO : |Clase:org.hibernate.Version| |Metodo:logVersion| |Linea: 44| HHH000412: Hibernate ORM core version 5.6.15.Final
22/12/2023 18:25:29 INFO : |Clase:org.hibernate.annotations.common.reflection.java.JavaReflectionManager| |Metodo:<clinit>| |Linea: 56| HCANN000001: Hibernate Commons Annotations {5.1.2.Final}
22/12/2023 18:25:29 INFO : |Clase:org.hibernate.dialect.Dialect| |Metodo:<init>| |Linea: 175| HHH000400: Using dialect: org.hibernate.dialect.PostgreSQLDialect
22/12/2023 18:25:34 INFO : |Clase:org.hibernate.engine.transaction.jta.platform.internal.JtaPlatformInitiator| |Metodo:initiateService| |Linea: 52| HHH000490: Using JtaPlatform implementation: [org.hibernate.engine.transaction.jta.platform.internal.NoJtaPlatform]
22/12/2023 18:25:34 INFO : |Clase:org.springframework.orm.jpa.AbstractEntityManagerFactoryBean| |Metodo:buildNativeEntityManagerFactory| |Linea: 437| Initialized JPA EntityManagerFactory for persistence unit 'default'
22/12/2023 18:25:35 INFO : |Clase:springfox.documentation.spring.web.PropertySourcedRequestMappingHandlerMapping| |Metodo:initHandlerMethods| |Linea: 69| Mapped URL path [/v2/api-docs] onto method [springfox.documentation.swagger2.web.Swagger2Controller#getDocumentation(String, HttpServletRequest)]
22/12/2023 18:25:36 INFO : |Clase:org.springframework.boot.web.embedded.tomcat.TomcatWebServer| |Metodo:start| |Linea: 220| Tomcat started on port(s): 8050 (http) with context path ''
22/12/2023 18:25:36 INFO : |Clase:org.springframework.boot.StartupInfoLogger| |Metodo:logStarted| |Linea: 61| Started CloudbedsBatchCrApplication in 10.842 seconds (JVM running for 12.149)
22/12/2023 18:29:41 INFO : |Clase:org.springframework.web.servlet.FrameworkServlet| |Metodo:initServletBean| |Linea: 525| Initializing Servlet 'dispatcherServlet'
22/12/2023 18:29:41 INFO : |Clase:org.springframework.web.servlet.FrameworkServlet| |Metodo:initServletBean| |Linea: 547| Completed initialization in 3 ms
22/12/2023 18:31:01 INFO : |Clase:com.agtech.cloudbedsbatchcr.controller.whController| |Metodo:reservationNote| |Linea: 43| Se recibe la nota nota de prueba de la reservación 2635509133286 del cliente con cédula 3101789333
22/12/2023 18:31:03 INFO : |Clase:com.agtech.cloudbedsbatchcr.services.CBService| |Metodo:reservationNote| |Linea: 389| Nota en la reservación 2635509133286 actualizada correctamente
22/12/2023 21:23:10 INFO : |Clase:org.springframework.boot.StartupInfoLogger| |Metodo:logStarting| |Linea: 55| Starting CloudbedsBatchCrApplication using Java 1.8.0_202 on Hugo-PC with PID 9896 (C:\Proyectos\AgTech\cloudbeds-batch\target\classes started by Lenovo in C:\Proyectos\AgTech\cloudbeds-batch)
22/12/2023 21:23:10 INFO : |Clase:org.springframework.boot.SpringApplication| |Metodo:logStartupProfileInfo| |Linea: 637| The following 1 profile is active: "dev"
22/12/2023 21:23:11 INFO : |Clase:org.springframework.data.repository.config.RepositoryConfigurationDelegate| |Metodo:registerRepositoriesIn| |Linea: 132| Bootstrapping Spring Data JPA repositories in DEFAULT mode.
22/12/2023 21:23:11 INFO : |Clase:org.springframework.data.repository.config.RepositoryConfigurationDelegate| |Metodo:registerRepositoriesIn| |Linea: 201| Finished Spring Data repository scanning in 71 ms. Found 5 JPA repository interfaces.
22/12/2023 21:23:12 INFO : |Clase:org.springframework.boot.web.embedded.tomcat.TomcatWebServer| |Metodo:initialize| |Linea: 108| Tomcat initialized with port(s): 8050 (http)
22/12/2023 21:23:12 INFO : |Clase:org.springframework.boot.web.servlet.context.ServletWebServerApplicationContext| |Metodo:prepareWebApplicationContext| |Linea: 292| Root WebApplicationContext: initialization completed in 2154 ms
22/12/2023 21:23:12 INFO : |Clase:org.hibernate.jpa.internal.util.LogHelper| |Metodo:logPersistenceUnitInformation| |Linea: 31| HHH000204: Processing PersistenceUnitInfo [name: default]
22/12/2023 21:23:12 INFO : |Clase:org.hibernate.Version| |Metodo:logVersion| |Linea: 44| HHH000412: Hibernate ORM core version 5.6.15.Final
22/12/2023 21:23:13 INFO : |Clase:org.hibernate.annotations.common.reflection.java.JavaReflectionManager| |Metodo:<clinit>| |Linea: 56| HCANN000001: Hibernate Commons Annotations {5.1.2.Final}
22/12/2023 21:23:13 INFO : |Clase:org.hibernate.dialect.Dialect| |Metodo:<init>| |Linea: 175| HHH000400: Using dialect: org.hibernate.dialect.PostgreSQLDialect
22/12/2023 21:23:17 INFO : |Clase:org.hibernate.engine.transaction.jta.platform.internal.JtaPlatformInitiator| |Metodo:initiateService| |Linea: 52| HHH000490: Using JtaPlatform implementation: [org.hibernate.engine.transaction.jta.platform.internal.NoJtaPlatform]
22/12/2023 21:23:17 INFO : |Clase:org.springframework.orm.jpa.AbstractEntityManagerFactoryBean| |Metodo:buildNativeEntityManagerFactory| |Linea: 437| Initialized JPA EntityManagerFactory for persistence unit 'default'
22/12/2023 21:23:18 INFO : |Clase:springfox.documentation.spring.web.PropertySourcedRequestMappingHandlerMapping| |Metodo:initHandlerMethods| |Linea: 69| Mapped URL path [/v2/api-docs] onto method [springfox.documentation.swagger2.web.Swagger2Controller#getDocumentation(String, HttpServletRequest)]
22/12/2023 21:23:19 INFO : |Clase:org.springframework.boot.web.embedded.tomcat.TomcatWebServer| |Metodo:start| |Linea: 220| Tomcat started on port(s): 8050 (http) with context path ''
22/12/2023 21:23:19 INFO : |Clase:org.springframework.boot.StartupInfoLogger| |Metodo:logStarted| |Linea: 61| Started CloudbedsBatchCrApplication in 9.986 seconds (JVM running for 11.403)
22/12/2023 21:24:13 INFO : |Clase:org.springframework.web.servlet.FrameworkServlet| |Metodo:initServletBean| |Linea: 525| Initializing Servlet 'dispatcherServlet'
22/12/2023 21:24:13 INFO : |Clase:org.springframework.web.servlet.FrameworkServlet| |Metodo:initServletBean| |Linea: 547| Completed initialization in 1 ms
22/12/2023 21:26:36 INFO : |Clase:com.agtech.cloudbedsbatchcr.controller.whController| |Metodo:changeAppState| |Linea: 60| Se recibe solicitud de cambiar el estado de la app en la propiedad 305638 del estado x al estado enabled
22/12/2023 21:26:36 INFO : |Clase:com.agtech.cloudbedsbatchcr.services.CBService| |Metodo:changeAppState| |Linea: 62| JSON recibido {"version":"string","timestamp":0.0,"event":"event","propertyID":305638,"clientID":0.0,"oldState":"x","newState":"enabled"}
22/12/2023 21:26:36 INFO : |Clase:com.agtech.cloudbedsbatchcr.services.CBService| |Metodo:changeAppState| |Linea: 75| Se activa la propiedad 305638 (AgTech Demo)
22/12/2023 21:28:05 INFO : |Clase:org.springframework.orm.jpa.AbstractEntityManagerFactoryBean| |Metodo:destroy| |Linea: 651| Closing JPA EntityManagerFactory for persistence unit 'default'
22/12/2023 21:28:16 INFO : |Clase:org.springframework.boot.StartupInfoLogger| |Metodo:logStarting| |Linea: 55| Starting CloudbedsBatchCrApplication using Java 1.8.0_202 on Hugo-PC with PID 10016 (C:\Proyectos\AgTech\cloudbeds-batch\target\classes started by Lenovo in C:\Proyectos\AgTech\cloudbeds-batch)
22/12/2023 21:28:16 INFO : |Clase:org.springframework.boot.SpringApplication| |Metodo:logStartupProfileInfo| |Linea: 637| The following 1 profile is active: "dev"
22/12/2023 21:28:17 INFO : |Clase:org.springframework.data.repository.config.RepositoryConfigurationDelegate| |Metodo:registerRepositoriesIn| |Linea: 132| Bootstrapping Spring Data JPA repositories in DEFAULT mode.
22/12/2023 21:28:17 INFO : |Clase:org.springframework.data.repository.config.RepositoryConfigurationDelegate| |Metodo:registerRepositoriesIn| |Linea: 201| Finished Spring Data repository scanning in 91 ms. Found 5 JPA repository interfaces.
22/12/2023 21:28:18 INFO : |Clase:org.springframework.boot.web.embedded.tomcat.TomcatWebServer| |Metodo:initialize| |Linea: 108| Tomcat initialized with port(s): 8050 (http)
22/12/2023 21:28:18 INFO : |Clase:org.springframework.boot.web.servlet.context.ServletWebServerApplicationContext| |Metodo:prepareWebApplicationContext| |Linea: 292| Root WebApplicationContext: initialization completed in 2869 ms
22/12/2023 21:28:19 INFO : |Clase:org.hibernate.jpa.internal.util.LogHelper| |Metodo:logPersistenceUnitInformation| |Linea: 31| HHH000204: Processing PersistenceUnitInfo [name: default]
22/12/2023 21:28:19 INFO : |Clase:org.hibernate.Version| |Metodo:logVersion| |Linea: 44| HHH000412: Hibernate ORM core version 5.6.15.Final
22/12/2023 21:28:19 INFO : |Clase:org.hibernate.annotations.common.reflection.java.JavaReflectionManager| |Metodo:<clinit>| |Linea: 56| HCANN000001: Hibernate Commons Annotations {5.1.2.Final}
22/12/2023 21:28:19 INFO : |Clase:org.hibernate.dialect.Dialect| |Metodo:<init>| |Linea: 175| HHH000400: Using dialect: org.hibernate.dialect.PostgreSQLDialect
22/12/2023 21:28:24 INFO : |Clase:org.hibernate.engine.transaction.jta.platform.internal.JtaPlatformInitiator| |Metodo:initiateService| |Linea: 52| HHH000490: Using JtaPlatform implementation: [org.hibernate.engine.transaction.jta.platform.internal.NoJtaPlatform]
22/12/2023 21:28:24 INFO : |Clase:org.springframework.orm.jpa.AbstractEntityManagerFactoryBean| |Metodo:buildNativeEntityManagerFactory| |Linea: 437| Initialized JPA EntityManagerFactory for persistence unit 'default'
22/12/2023 21:28:25 INFO : |Clase:springfox.documentation.spring.web.PropertySourcedRequestMappingHandlerMapping| |Metodo:initHandlerMethods| |Linea: 69| Mapped URL path [/v2/api-docs] onto method [springfox.documentation.swagger2.web.Swagger2Controller#getDocumentation(String, HttpServletRequest)]
22/12/2023 21:28:26 INFO : |Clase:org.springframework.boot.web.embedded.tomcat.TomcatWebServer| |Metodo:start| |Linea: 220| Tomcat started on port(s): 8050 (http) with context path ''
22/12/2023 21:28:26 INFO : |Clase:org.springframework.boot.StartupInfoLogger| |Metodo:logStarted| |Linea: 61| Started CloudbedsBatchCrApplication in 11.518 seconds (JVM running for 13.549)
22/12/2023 21:28:31 INFO : |Clase:org.springframework.web.servlet.FrameworkServlet| |Metodo:initServletBean| |Linea: 525| Initializing Servlet 'dispatcherServlet'
22/12/2023 21:28:31 INFO : |Clase:org.springframework.web.servlet.FrameworkServlet| |Metodo:initServletBean| |Linea: 547| Completed initialization in 4 ms
22/12/2023 21:28:31 INFO : |Clase:com.agtech.cloudbedsbatchcr.controller.whController| |Metodo:changeAppState| |Linea: 60| Se recibe solicitud de cambiar el estado de la app en la propiedad 305638 del estado x al estado enabled
22/12/2023 21:28:31 INFO : |Clase:com.agtech.cloudbedsbatchcr.services.CBService| |Metodo:changeAppState| |Linea: 62| JSON recibido {"version":"string","timestamp":0.0,"event":"event","propertyID":305638,"clientID":0.0,"oldState":"x","newState":"enabled"}
22/12/2023 21:28:39 INFO : |Clase:com.agtech.cloudbedsbatchcr.services.CBService| |Metodo:changeAppState| |Linea: 75| Se activa la propiedad 305638 (AgTech Demo)
22/12/2023 21:30:25 INFO : |Clase:org.springframework.boot.StartupInfoLogger| |Metodo:logStarting| |Linea: 55| Starting CloudbedsBatchCrApplication using Java 1.8.0_202 on Hugo-PC with PID 28232 (C:\Proyectos\AgTech\cloudbeds-batch\target\classes started by Lenovo in C:\Proyectos\AgTech\cloudbeds-batch)
22/12/2023 21:30:25 INFO : |Clase:org.springframework.boot.SpringApplication| |Metodo:logStartupProfileInfo| |Linea: 637| The following 1 profile is active: "dev"
22/12/2023 21:30:26 INFO : |Clase:org.springframework.data.repository.config.RepositoryConfigurationDelegate| |Metodo:registerRepositoriesIn| |Linea: 132| Bootstrapping Spring Data JPA repositories in DEFAULT mode.
22/12/2023 21:30:26 INFO : |Clase:org.springframework.data.repository.config.RepositoryConfigurationDelegate| |Metodo:registerRepositoriesIn| |Linea: 201| Finished Spring Data repository scanning in 70 ms. Found 5 JPA repository interfaces.
22/12/2023 21:30:28 INFO : |Clase:org.springframework.boot.web.embedded.tomcat.TomcatWebServer| |Metodo:initialize| |Linea: 108| Tomcat initialized with port(s): 8050 (http)
22/12/2023 21:30:28 INFO : |Clase:org.springframework.boot.web.servlet.context.ServletWebServerApplicationContext| |Metodo:prepareWebApplicationContext| |Linea: 292| Root WebApplicationContext: initialization completed in 3341 ms
22/12/2023 21:30:28 INFO : |Clase:org.hibernate.jpa.internal.util.LogHelper| |Metodo:logPersistenceUnitInformation| |Linea: 31| HHH000204: Processing PersistenceUnitInfo [name: default]
22/12/2023 21:30:28 INFO : |Clase:org.hibernate.Version| |Metodo:logVersion| |Linea: 44| HHH000412: Hibernate ORM core version 5.6.15.Final
22/12/2023 21:30:29 INFO : |Clase:org.hibernate.annotations.common.reflection.java.JavaReflectionManager| |Metodo:<clinit>| |Linea: 56| HCANN000001: Hibernate Commons Annotations {5.1.2.Final}
22/12/2023 21:30:29 INFO : |Clase:org.hibernate.dialect.Dialect| |Metodo:<init>| |Linea: 175| HHH000400: Using dialect: org.hibernate.dialect.PostgreSQLDialect
22/12/2023 21:30:33 INFO : |Clase:org.hibernate.engine.transaction.jta.platform.internal.JtaPlatformInitiator| |Metodo:initiateService| |Linea: 52| HHH000490: Using JtaPlatform implementation: [org.hibernate.engine.transaction.jta.platform.internal.NoJtaPlatform]
22/12/2023 21:30:33 INFO : |Clase:org.springframework.orm.jpa.AbstractEntityManagerFactoryBean| |Metodo:buildNativeEntityManagerFactory| |Linea: 437| Initialized JPA EntityManagerFactory for persistence unit 'default'
22/12/2023 21:30:34 INFO : |Clase:springfox.documentation.spring.web.PropertySourcedRequestMappingHandlerMapping| |Metodo:initHandlerMethods| |Linea: 69| Mapped URL path [/v2/api-docs] onto method [springfox.documentation.swagger2.web.Swagger2Controller#getDocumentation(String, HttpServletRequest)]
22/12/2023 21:30:35 INFO : |Clase:org.springframework.boot.web.embedded.tomcat.TomcatWebServer| |Metodo:start| |Linea: 220| Tomcat started on port(s): 8050 (http) with context path ''
22/12/2023 21:30:35 INFO : |Clase:org.springframework.web.servlet.FrameworkServlet| |Metodo:initServletBean| |Linea: 525| Initializing Servlet 'dispatcherServlet'
22/12/2023 21:30:35 INFO : |Clase:org.springframework.web.servlet.FrameworkServlet| |Metodo:initServletBean| |Linea: 547| Completed initialization in 1 ms
22/12/2023 21:30:36 INFO : |Clase:org.springframework.boot.StartupInfoLogger| |Metodo:logStarted| |Linea: 61| Started CloudbedsBatchCrApplication in 11.358 seconds (JVM running for 12.523)
22/12/2023 21:30:36 INFO : |Clase:com.agtech.cloudbedsbatchcr.controller.whController| |Metodo:changeAppState| |Linea: 60| Se recibe solicitud de cambiar el estado de la app en la propiedad 305638 del estado x al estado enabled
22/12/2023 21:30:36 INFO : |Clase:com.agtech.cloudbedsbatchcr.services.CBService| |Metodo:changeAppState| |Linea: 62| JSON recibido {"version":"string","timestamp":0.0,"event":"event","propertyID":305638,"clientID":0.0,"oldState":"x","newState":"enabled"}
22/12/2023 21:30:36 INFO : |Clase:com.agtech.cloudbedsbatchcr.services.CBService| |Metodo:changeAppState| |Linea: 73| Se activa la propiedad 305638 (AgTech Demo)
22/12/2023 21:30:59 INFO : |Clase:com.agtech.cloudbedsbatchcr.controller.whController| |Metodo:changeAppState| |Linea: 60| Se recibe solicitud de cambiar el estado de la app en la propiedad 305638 del estado x al estado disabled
22/12/2023 21:30:59 INFO : |Clase:com.agtech.cloudbedsbatchcr.services.CBService| |Metodo:changeAppState| |Linea: 62| JSON recibido {"version":"string","timestamp":0.0,"event":"event","propertyID":305638,"clientID":0.0,"oldState":"x","newState":"disabled"}
22/12/2023 21:31:00 INFO : |Clase:com.agtech.cloudbedsbatchcr.services.CBService| |Metodo:changeAppState| |Linea: 76| Se inactiva la propiedad 305638 (AgTech Demo)
22/12/2023 21:31:21 INFO : |Clase:com.agtech.cloudbedsbatchcr.controller.whController| |Metodo:changeAppState| |Linea: 60| Se recibe solicitud de cambiar el estado de la app en la propiedad 305638 del estado x al estado enabled
22/12/2023 21:31:21 INFO : |Clase:com.agtech.cloudbedsbatchcr.services.CBService| |Metodo:changeAppState| |Linea: 62| JSON recibido {"version":"string","timestamp":0.0,"event":"event","propertyID":305638,"clientID":0.0,"oldState":"x","newState":"enabled"}
22/12/2023 21:31:21 INFO : |Clase:com.agtech.cloudbedsbatchcr.services.CBService| |Metodo:changeAppState| |Linea: 73| Se activa la propiedad 305638 (AgTech Demo)
22/12/2023 21:34:16 INFO : |Clase:org.springframework.orm.jpa.AbstractEntityManagerFactoryBean| |Metodo:destroy| |Linea: 651| Closing JPA EntityManagerFactory for persistence unit 'default'
