28/12/2023 15:00:03 INFO : |Clase:org.springframework.boot.StartupInfoLogger| |Metodo:logStarting| |Linea: 55| Starting CloudbedsBatchCrApplication using Java 1.8.0_202 on Hugo-PC with PID 892 (C:\Proyectos\AgTech\cloudbeds-batch\target\classes started by Lenovo in C:\Proyectos\AgTech\cloudbeds-batch)
28/12/2023 15:00:03 INFO : |Clase:org.springframework.boot.SpringApplication| |Metodo:logStartupProfileInfo| |Linea: 637| The following 1 profile is active: "dev"
28/12/2023 15:00:04 INFO : |Clase:org.springframework.data.repository.config.RepositoryConfigurationDelegate| |Metodo:registerRepositoriesIn| |Linea: 132| Bootstrapping Spring Data JPA repositories in DEFAULT mode.
28/12/2023 15:00:04 INFO : |Clase:org.springframework.data.repository.config.RepositoryConfigurationDelegate| |Metodo:registerRepositoriesIn| |Linea: 201| Finished Spring Data repository scanning in 108 ms. Found 5 JPA repository interfaces.
28/12/2023 15:00:05 INFO : |Clase:org.springframework.boot.web.embedded.tomcat.TomcatWebServer| |Metodo:initialize| |Linea: 108| Tomcat initialized with port(s): 8050 (http)
28/12/2023 15:00:06 INFO : |Clase:org.springframework.boot.web.servlet.context.ServletWebServerApplicationContext| |Metodo:prepareWebApplicationContext| |Linea: 292| Root WebApplicationContext: initialization completed in 2579 ms
28/12/2023 15:00:06 INFO : |Clase:org.hibernate.jpa.internal.util.LogHelper| |Metodo:logPersistenceUnitInformation| |Linea: 31| HHH000204: Processing PersistenceUnitInfo [name: default]
28/12/2023 15:00:06 INFO : |Clase:org.hibernate.Version| |Metodo:logVersion| |Linea: 44| HHH000412: Hibernate ORM core version 5.6.15.Final
28/12/2023 15:00:06 INFO : |Clase:org.hibernate.annotations.common.reflection.java.JavaReflectionManager| |Metodo:<clinit>| |Linea: 56| HCANN000001: Hibernate Commons Annotations {5.1.2.Final}
28/12/2023 15:00:07 INFO : |Clase:org.hibernate.dialect.Dialect| |Metodo:<init>| |Linea: 175| HHH000400: Using dialect: org.hibernate.dialect.PostgreSQLDialect
28/12/2023 15:00:11 INFO : |Clase:org.hibernate.engine.transaction.jta.platform.internal.JtaPlatformInitiator| |Metodo:initiateService| |Linea: 52| HHH000490: Using JtaPlatform implementation: [org.hibernate.engine.transaction.jta.platform.internal.NoJtaPlatform]
28/12/2023 15:00:11 INFO : |Clase:org.springframework.orm.jpa.AbstractEntityManagerFactoryBean| |Metodo:buildNativeEntityManagerFactory| |Linea: 437| Initialized JPA EntityManagerFactory for persistence unit 'default'
28/12/2023 15:00:12 INFO : |Clase:springfox.documentation.spring.web.PropertySourcedRequestMappingHandlerMapping| |Metodo:initHandlerMethods| |Linea: 69| Mapped URL path [/v2/api-docs] onto method [springfox.documentation.swagger2.web.Swagger2Controller#getDocumentation(String, HttpServletRequest)]
28/12/2023 15:00:13 INFO : |Clase:org.springframework.boot.web.embedded.tomcat.TomcatWebServer| |Metodo:start| |Linea: 220| Tomcat started on port(s): 8050 (http) with context path ''
28/12/2023 15:00:13 INFO : |Clase:org.springframework.boot.StartupInfoLogger| |Metodo:logStarted| |Linea: 61| Started CloudbedsBatchCrApplication in 11.095 seconds (JVM running for 13.051)
28/12/2023 15:04:41 INFO : |Clase:org.springframework.web.servlet.FrameworkServlet| |Metodo:initServletBean| |Linea: 525| Initializing Servlet 'dispatcherServlet'
28/12/2023 15:04:41 INFO : |Clase:org.springframework.web.servlet.FrameworkServlet| |Metodo:initServletBean| |Linea: 547| Completed initialization in 2 ms
28/12/2023 15:05:38 INFO : |Clase:com.agtech.cloudbedsbatchcr.services.CBService| |Metodo:createProperty| |Linea: 58| Se solicita crear la propiedad con identificación 3101123456
28/12/2023 15:05:50 INFO : |Clase:com.agtech.cloudbedsbatchcr.services.CBService| |Metodo:createProperty| |Linea: 77| Datos de la propiedad con identificación 3101123456 consultados correctamente -> {"success":true,"data":{"propertyID":"305638","propertyName":"AG Tech Hospitality Partner Account","propertyImage":[{"thumb":"https://h-img2.cloudbeds.com/uploads/305638/demo_featured1_thumb~~65001b872420c.jpg","image":"https://h-img3.cloudbeds.com/uploads/305638/demo_featured1_gallery~~65001b8752259.jpg"}],"propertyDescription":"","propertyCurrency":{"currencyCode":"USD","currencySymbol":"$","currencyPosition":"before"},"propertyPrimaryLanguage":"es","propertyAdditionalPhotos":[{"thumb":"https://h-img2.cloudbeds.com/uploads/305638/demo_featured2_thumb~~65001b8776988.jpg","image":"https://h-img3.cloudbeds.com/uploads/305638/demo_featured2_featured~~65001b86874f1.jpg"},{"thumb":"https://h-img3.cloudbeds.com/uploads/305638/demo_bath_thumb~~65001b87e753c.jpg","image":"https://h-img2.cloudbeds.com/uploads/305638/demo_bath_featured~~65001b86b36cd.jpg"},{"thumb":"https://h-img1.cloudbeds.com/uploads/305638/demo_lobby_thumb~~65001b8874997.jpg","image":"https://h-img2.cloudbeds.com/uploads/305638/demo_lobby_featured~~65001b86cb06d.jpg"}],"propertyPhone":"1234567890","propertyEmail":"dario@agtechintl.com","propertyAddress":{"propertyAddress1":"San José","propertyAddress2":"","propertyCity":"San José","propertyState":"","propertyZip":"","propertyCountry":"CR","propertyLatitude":"9.93254280","propertyLongitude":"-84.07957458"},"propertyPolicy":{"propertyCheckInTime":"14:00","propertyCheckOutTime":"23:00","propertyLateCheckOutAllowed":false,"propertyLateCheckOutType":"percent","propertyLateCheckOutValue":"50.00","propertyTermsAndConditions":""},"propertyAmenities":["Lounge","Meeting rooms"],"taxID":"","taxID2":"","companyLegalName":""}}
28/12/2023 15:07:57 INFO : |Clase:com.agtech.cloudbedsbatchcr.services.CBService| |Metodo:createWebHook| |Linea: 153| Respuesta el registrar el webhook: true -> 276ca4ead59829d666415cb5c110790c
28/12/2023 15:08:16 INFO : |Clase:com.agtech.cloudbedsbatchcr.services.CBService| |Metodo:createWebHook| |Linea: 153| Respuesta el registrar el webhook: true -> d9f98584db0c7bef8b07bad42474ef83
28/12/2023 15:23:22 INFO : |Clase:org.springframework.boot.StartupInfoLogger| |Metodo:logStarting| |Linea: 55| Starting CloudbedsBatchCrApplication using Java 1.8.0_202 on Hugo-PC with PID 1984 (C:\Proyectos\AgTech\cloudbeds-batch\target\classes started by Lenovo in C:\Proyectos\AgTech\cloudbeds-batch)
28/12/2023 15:23:22 INFO : |Clase:org.springframework.boot.SpringApplication| |Metodo:logStartupProfileInfo| |Linea: 637| The following 1 profile is active: "dev"
28/12/2023 15:23:23 INFO : |Clase:org.springframework.data.repository.config.RepositoryConfigurationDelegate| |Metodo:registerRepositoriesIn| |Linea: 132| Bootstrapping Spring Data JPA repositories in DEFAULT mode.
28/12/2023 15:23:23 INFO : |Clase:org.springframework.data.repository.config.RepositoryConfigurationDelegate| |Metodo:registerRepositoriesIn| |Linea: 201| Finished Spring Data repository scanning in 102 ms. Found 5 JPA repository interfaces.
28/12/2023 15:23:25 INFO : |Clase:org.springframework.boot.web.embedded.tomcat.TomcatWebServer| |Metodo:initialize| |Linea: 108| Tomcat initialized with port(s): 8050 (http)
28/12/2023 15:23:25 INFO : |Clase:org.springframework.boot.web.servlet.context.ServletWebServerApplicationContext| |Metodo:prepareWebApplicationContext| |Linea: 292| Root WebApplicationContext: initialization completed in 2812 ms
28/12/2023 15:23:25 INFO : |Clase:org.hibernate.jpa.internal.util.LogHelper| |Metodo:logPersistenceUnitInformation| |Linea: 31| HHH000204: Processing PersistenceUnitInfo [name: default]
28/12/2023 15:23:25 INFO : |Clase:org.hibernate.Version| |Metodo:logVersion| |Linea: 44| HHH000412: Hibernate ORM core version 5.6.15.Final
28/12/2023 15:23:26 INFO : |Clase:org.hibernate.annotations.common.reflection.java.JavaReflectionManager| |Metodo:<clinit>| |Linea: 56| HCANN000001: Hibernate Commons Annotations {5.1.2.Final}
28/12/2023 15:23:26 INFO : |Clase:org.hibernate.dialect.Dialect| |Metodo:<init>| |Linea: 175| HHH000400: Using dialect: org.hibernate.dialect.PostgreSQLDialect
28/12/2023 15:23:30 INFO : |Clase:org.hibernate.engine.transaction.jta.platform.internal.JtaPlatformInitiator| |Metodo:initiateService| |Linea: 52| HHH000490: Using JtaPlatform implementation: [org.hibernate.engine.transaction.jta.platform.internal.NoJtaPlatform]
28/12/2023 15:23:30 INFO : |Clase:org.springframework.orm.jpa.AbstractEntityManagerFactoryBean| |Metodo:buildNativeEntityManagerFactory| |Linea: 437| Initialized JPA EntityManagerFactory for persistence unit 'default'
28/12/2023 15:23:31 INFO : |Clase:springfox.documentation.spring.web.PropertySourcedRequestMappingHandlerMapping| |Metodo:initHandlerMethods| |Linea: 69| Mapped URL path [/v2/api-docs] onto method [springfox.documentation.swagger2.web.Swagger2Controller#getDocumentation(String, HttpServletRequest)]
28/12/2023 15:23:32 INFO : |Clase:org.springframework.boot.web.embedded.tomcat.TomcatWebServer| |Metodo:start| |Linea: 220| Tomcat started on port(s): 8050 (http) with context path ''
28/12/2023 15:23:33 INFO : |Clase:org.springframework.boot.StartupInfoLogger| |Metodo:logStarted| |Linea: 61| Started CloudbedsBatchCrApplication in 11.056 seconds (JVM running for 12.562)
28/12/2023 15:24:31 INFO : |Clase:org.springframework.web.servlet.FrameworkServlet| |Metodo:initServletBean| |Linea: 525| Initializing Servlet 'dispatcherServlet'
28/12/2023 15:24:31 INFO : |Clase:org.springframework.web.servlet.FrameworkServlet| |Metodo:initServletBean| |Linea: 547| Completed initialization in 2 ms
28/12/2023 15:24:36 INFO : |Clase:com.agtech.cloudbedsbatchcr.services.CBService| |Metodo:createProperty| |Linea: 58| Se solicita crear la propiedad con identificación 3101123456
28/12/2023 15:24:42 INFO : |Clase:com.agtech.cloudbedsbatchcr.services.CBService| |Metodo:createProperty| |Linea: 77| Datos de la propiedad con identificación 3101123456 consultados correctamente -> {"success":true,"data":{"propertyID":"305638","propertyName":"AG Tech Hospitality Partner Account","propertyImage":[{"thumb":"https://h-img2.cloudbeds.com/uploads/305638/demo_featured1_thumb~~65001b872420c.jpg","image":"https://h-img3.cloudbeds.com/uploads/305638/demo_featured1_gallery~~65001b8752259.jpg"}],"propertyDescription":"","propertyCurrency":{"currencyCode":"USD","currencySymbol":"$","currencyPosition":"before"},"propertyPrimaryLanguage":"es","propertyAdditionalPhotos":[{"thumb":"https://h-img2.cloudbeds.com/uploads/305638/demo_featured2_thumb~~65001b8776988.jpg","image":"https://h-img1.cloudbeds.com/uploads/305638/demo_featured2_featured~~65001b86874f1.jpg"},{"thumb":"https://h-img3.cloudbeds.com/uploads/305638/demo_bath_thumb~~65001b87e753c.jpg","image":"https://h-img3.cloudbeds.com/uploads/305638/demo_bath_featured~~65001b86b36cd.jpg"},{"thumb":"https://h-img1.cloudbeds.com/uploads/305638/demo_lobby_thumb~~65001b8874997.jpg","image":"https://h-img2.cloudbeds.com/uploads/305638/demo_lobby_featured~~65001b86cb06d.jpg"}],"propertyPhone":"1234567890","propertyEmail":"dario@agtechintl.com","propertyAddress":{"propertyAddress1":"San José","propertyAddress2":"","propertyCity":"San José","propertyState":"","propertyZip":"","propertyCountry":"CR","propertyLatitude":"9.93254280","propertyLongitude":"-84.07957458"},"propertyPolicy":{"propertyCheckInTime":"14:00","propertyCheckOutTime":"23:00","propertyLateCheckOutAllowed":false,"propertyLateCheckOutType":"percent","propertyLateCheckOutValue":"50.00","propertyTermsAndConditions":""},"propertyAmenities":["Lounge","Meeting rooms"],"taxID":"","taxID2":"","companyLegalName":""}}
28/12/2023 15:25:54 INFO : |Clase:org.springframework.orm.jpa.AbstractEntityManagerFactoryBean| |Metodo:destroy| |Linea: 651| Closing JPA EntityManagerFactory for persistence unit 'default'
28/12/2023 15:26:39 INFO : |Clase:org.springframework.boot.StartupInfoLogger| |Metodo:logStarting| |Linea: 55| Starting CloudbedsBatchCrApplication using Java 1.8.0_202 on Hugo-PC with PID 4612 (C:\Proyectos\AgTech\cloudbeds-batch\target\classes started by Lenovo in C:\Proyectos\AgTech\cloudbeds-batch)
28/12/2023 15:26:39 INFO : |Clase:org.springframework.boot.SpringApplication| |Metodo:logStartupProfileInfo| |Linea: 637| The following 1 profile is active: "dev"
28/12/2023 15:26:40 INFO : |Clase:org.springframework.data.repository.config.RepositoryConfigurationDelegate| |Metodo:registerRepositoriesIn| |Linea: 132| Bootstrapping Spring Data JPA repositories in DEFAULT mode.
28/12/2023 15:26:40 INFO : |Clase:org.springframework.data.repository.config.RepositoryConfigurationDelegate| |Metodo:registerRepositoriesIn| |Linea: 201| Finished Spring Data repository scanning in 70 ms. Found 5 JPA repository interfaces.
28/12/2023 15:26:41 INFO : |Clase:org.springframework.boot.web.embedded.tomcat.TomcatWebServer| |Metodo:initialize| |Linea: 108| Tomcat initialized with port(s): 8050 (http)
28/12/2023 15:26:41 INFO : |Clase:org.springframework.boot.web.servlet.context.ServletWebServerApplicationContext| |Metodo:prepareWebApplicationContext| |Linea: 292| Root WebApplicationContext: initialization completed in 1996 ms
28/12/2023 15:26:41 INFO : |Clase:org.hibernate.jpa.internal.util.LogHelper| |Metodo:logPersistenceUnitInformation| |Linea: 31| HHH000204: Processing PersistenceUnitInfo [name: default]
28/12/2023 15:26:41 INFO : |Clase:org.hibernate.Version| |Metodo:logVersion| |Linea: 44| HHH000412: Hibernate ORM core version 5.6.15.Final
28/12/2023 15:26:42 INFO : |Clase:org.hibernate.annotations.common.reflection.java.JavaReflectionManager| |Metodo:<clinit>| |Linea: 56| HCANN000001: Hibernate Commons Annotations {5.1.2.Final}
28/12/2023 15:26:42 INFO : |Clase:org.hibernate.dialect.Dialect| |Metodo:<init>| |Linea: 175| HHH000400: Using dialect: org.hibernate.dialect.PostgreSQLDialect
28/12/2023 15:26:46 INFO : |Clase:org.hibernate.engine.transaction.jta.platform.internal.JtaPlatformInitiator| |Metodo:initiateService| |Linea: 52| HHH000490: Using JtaPlatform implementation: [org.hibernate.engine.transaction.jta.platform.internal.NoJtaPlatform]
28/12/2023 15:26:46 INFO : |Clase:org.springframework.orm.jpa.AbstractEntityManagerFactoryBean| |Metodo:buildNativeEntityManagerFactory| |Linea: 437| Initialized JPA EntityManagerFactory for persistence unit 'default'
28/12/2023 15:26:47 INFO : |Clase:springfox.documentation.spring.web.PropertySourcedRequestMappingHandlerMapping| |Metodo:initHandlerMethods| |Linea: 69| Mapped URL path [/v2/api-docs] onto method [springfox.documentation.swagger2.web.Swagger2Controller#getDocumentation(String, HttpServletRequest)]
28/12/2023 15:26:48 INFO : |Clase:org.springframework.boot.web.embedded.tomcat.TomcatWebServer| |Metodo:start| |Linea: 220| Tomcat started on port(s): 8050 (http) with context path ''
28/12/2023 15:26:49 INFO : |Clase:org.springframework.boot.StartupInfoLogger| |Metodo:logStarted| |Linea: 61| Started CloudbedsBatchCrApplication in 10.203 seconds (JVM running for 11.304)
28/12/2023 15:27:01 INFO : |Clase:org.springframework.web.servlet.FrameworkServlet| |Metodo:initServletBean| |Linea: 525| Initializing Servlet 'dispatcherServlet'
28/12/2023 15:27:01 INFO : |Clase:org.springframework.web.servlet.FrameworkServlet| |Metodo:initServletBean| |Linea: 547| Completed initialization in 2 ms
28/12/2023 15:27:01 INFO : |Clase:com.agtech.cloudbedsbatchcr.services.CBService| |Metodo:createProperty| |Linea: 58| Se solicita crear la propiedad con identificación 3101123456
28/12/2023 15:27:02 INFO : |Clase:com.agtech.cloudbedsbatchcr.services.CBService| |Metodo:createProperty| |Linea: 77| Datos de la propiedad con identificación 3101123456 consultados correctamente -> {"success":true,"data":{"propertyID":"305638","propertyName":"AG Tech Hospitality Partner Account","propertyImage":[{"thumb":"https://h-img2.cloudbeds.com/uploads/305638/demo_featured1_thumb~~65001b872420c.jpg","image":"https://h-img2.cloudbeds.com/uploads/305638/demo_featured1_gallery~~65001b8752259.jpg"}],"propertyDescription":"","propertyCurrency":{"currencyCode":"USD","currencySymbol":"$","currencyPosition":"before"},"propertyPrimaryLanguage":"es","propertyAdditionalPhotos":[{"thumb":"https://h-img2.cloudbeds.com/uploads/305638/demo_featured2_thumb~~65001b8776988.jpg","image":"https://h-img1.cloudbeds.com/uploads/305638/demo_featured2_featured~~65001b86874f1.jpg"},{"thumb":"https://h-img2.cloudbeds.com/uploads/305638/demo_bath_thumb~~65001b87e753c.jpg","image":"https://h-img3.cloudbeds.com/uploads/305638/demo_bath_featured~~65001b86b36cd.jpg"},{"thumb":"https://h-img3.cloudbeds.com/uploads/305638/demo_lobby_thumb~~65001b8874997.jpg","image":"https://h-img1.cloudbeds.com/uploads/305638/demo_lobby_featured~~65001b86cb06d.jpg"}],"propertyPhone":"1234567890","propertyEmail":"dario@agtechintl.com","propertyAddress":{"propertyAddress1":"San José","propertyAddress2":"","propertyCity":"San José","propertyState":"","propertyZip":"","propertyCountry":"CR","propertyLatitude":"9.93254280","propertyLongitude":"-84.07957458"},"propertyPolicy":{"propertyCheckInTime":"14:00","propertyCheckOutTime":"23:00","propertyLateCheckOutAllowed":false,"propertyLateCheckOutType":"percent","propertyLateCheckOutValue":"50.00","propertyTermsAndConditions":""},"propertyAmenities":["Lounge","Meeting rooms"],"taxID":"","taxID2":"","companyLegalName":""}}
28/12/2023 15:27:04 INFO : |Clase:com.agtech.cloudbedsbatchcr.services.CBService| |Metodo:createWebHook| |Linea: 177| Respuesta el registrar el webhook: true -> 276ca4ead59829d666415cb5c110790c
28/12/2023 15:27:05 INFO : |Clase:com.agtech.cloudbedsbatchcr.services.CBService| |Metodo:createWebHook| |Linea: 177| Respuesta el registrar el webhook: true -> d9f98584db0c7bef8b07bad42474ef83
